// Jest Snapshot v1, https://goo.gl/fbAQLP

exports[`the CardContent component should render 1`] = `
.c0 {
  padding: 1rem 1rem;
  padding: 1.5rem 2rem;
}

<div
  className="sc-9taxng-0 c0 ui-kit.PaddedDiv ui-kit.card.CardContent"
>
  Boom!
</div>
`;
