// Jest Snapshot v1, https://goo.gl/fbAQLP

exports[`The IconProvider component accepts an iconInput object (custom icons) 1`] = `
<svg
  viewBox="0 0 32 40"
>
  <path
    d="M24.8 32h-18C5.2 32 4 30.8 4 29.3s1.2-2.8 2.8-2.8h18c.4 0 .8.3.8.8v4c-.1.4-.4.7-.8.7zm-18-4c-.7 0-1.3.6-1.3 1.3s.6 1.3 1.3 1.3H24V28H6.8z"
    fill="salmon"
  />
  <path
    d="M27.3 32h-2.5c-.4 0-.8-.3-.8-.8s.3-.8.8-.8h2.5c.4 0 .8.3.8.8s-.4.8-.8.8zM4.8 30.2l-.5-.2a.5.5 0 0 1-.3-.5v-.2c0-.4.3-.8.8-.8s.8.3.8.8v.1c0 .4-.2.7-.6.8h-.2z"
    fill="salmon"
  />
  <path
    d="M27.3 0H7.9A3.8 3.8 0 0 0 4 3.9v25.4c0 .4.3.7.8.7s.8-.3.8-.8c0-.7.6-1.3 1.3-1.3h20.5c.4 0 .8-.3.8-.8V.8c-.2-.5-.5-.8-.9-.8zM21 10.1h-4.3v12.8c0 .4-.3.8-.8.8s-.8-.3-.8-.8V10.1H11c-.4 0-.8-.3-.8-.8s.3-.8.8-.8h4.3V4.9c0-.4.3-.8.8-.8s.8.3.8.8v3.7H21c.4 0 .8.3.8.8s-.3.7-.8.7z"
    fill="salmon"
  />
</svg>
`;

exports[`The IconProvider component overrides UIKit icons with iconInput (custom icons) that have the same name 1`] = `
.c0 {
  fill: #303030;
  height: auto;
  width: 2rem;
}

<Svgr
  className="c0"
/>
`;
